// Jest Snapshot v1, https://goo.gl/fbAQLP

exports[`matches snapshot 1`] = `
<DocumentFragment>
  <div>
    <div>
      <form>
        <label
          for="itemForm"
        >
          Item:
        </label>
        <input
          id="itemForm"
          name="itemForm"
          type="text"
          value=""
        />
        <button>
          Add
        </button>
      </form>
    </div>
    <ul
      class="Todos"
    />
  </div>
</DocumentFragment>
`;
